/home/users/dtfrake/hmc-dust/.venv/lib/python3.12/site-packages/dustmaps/config.py:74: ConfigWarning: Configuration file not found:

    /home/users/dtfrake/.dustmapsrc

To create a new configuration file in the default location, run the following python code:

    from dustmaps.config import config
    config.reset()

Note that this will delete your configuration! For example, if you have specified a data directory, then dustmaps will forget about its location.
  warn(('Configuration file not found:\n\n'
/home/users/dtfrake/hmc-dust/.venv/lib/python3.12/site-packages/jaxopt/_src/osqp.py:299: SyntaxWarning: invalid escape sequence '\m'
  """Operator Splitting Solver for Quadratic Programs.
<Table length=54602>
     name       dtype 
-------------- -------
gdr3_source_id   int64
            ra float32
           dec float32
      parallax float32
  parallax_err float32
           ext float32
       ext_err float32
        teff_K float32
           feh float32
          logg float32
  plx_over_err float32
    sep_gc_deg float64
None
Filename: /scratch/users/dtfrake/hmc-dust-data/Data_And_Samplers/mean_and_std_healpix.fits
No.    Name      Ver    Type      Cards   Dimensions   Format
  0  PRIMARY       1 PrimaryHDU       9   ()      
  1  MEAN          1 ImageHDU        19   (786432, 516)   float32   
  2  STD.          1 ImageHDU        19   (786432, 516)   float32   
  3  RADIAL PIXEL CENTERS    1 BinTableHDU     20   516R x 1C   [E]   
  4  RADIAL PIXEL BOUNDARIES    1 BinTableHDU     20   517R x 1C   [E]   
  5  MEAN OF INTEGRATED INNER 68.8 PC    1 ImageHDU        16   (786432,)   float32   
  6  STD. OF INTEGRATED INNER 68.8 PC    1 ImageHDU        16   (786432,)   float32   
NEST
NEST
Max distance is: 1848.10009765625
Min distance is 28.618728637695312
HMC set up!
HMC sample 5/60
HMC sample 10/60
HMC sample 15/60
HMC sample 20/60
HMC sample 25/60
HMC sample 30/60
HMC sample 35/60
HMC sample 40/60
HMC sample 45/60
HMC sample 50/60
HMC sample 55/60
HMC sample 60/60
ESS for Variance parameter (index 0): 35.66720245679112
ESS for Nu parameter (index 1): 60.1683826914313
ESS for First mode:  parameter (index 3): 46.32878396096982
ESS for Second mode:  parameter (index 4): 42.893319814231326
ESS for 10th mode  parameter (index 12): 23.173480037594164
ESS for 100th mode parameter (index 102): 30.174189369721123
ESS for Last mode parameter (index 1202): 31.996756017852825
ESS for Star 0 parameter (index 1203): 15.78447859050818
ESS for Star 2 parameter (index 1205): 8.856334769821176
Use NUTS? False Use blackjax HMC? False Initial Step Size: 6e-05 Step Size: 6e-05 Num integration steps (only valid if no NUTS) 20000 Burn in: 10
Average acceptance probability (acceptance rate) is: 0.9571972489356995
Num dimensions: 600 Num data: 1657 Total length: 1819.4813232421875 Noise on each point: 0.025 Num HMC trials: 60
Error bars on data: 0.025
Logvar prior mean: 4.0 Lognu prior mean: 0.0 Offset prior mean -7.6 Initial logvar/lognu/offset values: 4.0, 0, -7.6
Average chi_2 statistic based on the prior: 0.9663102626800537
Average chi_2 statistic based on the extinction per star: 15.445060729980469
Average chi_2 statistic based on the distance/parallax per star: 1.3442213535308838
